clang -O3 -Wall -Werror -Wimplicit-fallthrough -c -o obj/debug.o src/debug.c
clang -O3 -Wall -Werror -Wimplicit-fallthrough -c -o obj/elf.o src/elf.c
clang -O3 -Wall -Werror -Wimplicit-fallthrough -c -o obj/inst.o src/inst.c
clang -O3 -Wall -Werror -Wimplicit-fallthrough -c -o obj/interp.o src/interp.c
clang -O3 -Wall -Werror -Wimplicit-fallthrough -c -o obj/machine.o src/machine.c
clang -O3 -Wall -Werror -Wimplicit-fallthrough -c -o obj/mmu.o src/mmu.c
clang -O3 -Wall -Werror -Wimplicit-fallthrough -c -o obj/rvemu.o src/rvemu.c
clang -O3 -Wall -Werror -Wimplicit-fallthrough -lm -o rvemu obj/debug.o obj/elf.o obj/inst.o obj/interp.o obj/machine.o obj/mmu.o obj/rvemu.o
./rvemu ../rvprogram/rvprogram
1-machine_load_program : 
addr        :   88800010000
length      :   6e000
prot        :   5
offset      :   0
host_alloc  :   88800010000
addr        :   8880007e000
length      :   6000
prot        :   3
offset      :   6e000
host_alloc  :   8880007e000
addr        :   88800084000
length      :   5000
prot        :   3
offset      :   0
host_alloc  :   88800084000
entry           : 88800010494
host_alloc      : 8880008f000
guest_alloc     : 8f000
host_base       : 8880008f000


2-machine_mmu_init : 
stack top addr : 8880008f000
stack bottom addr : 8880208f000
mmu_write : 
addr to write : 8880208f000, size to write : 22
mmu_write : 
addr to write : 8880208efe8, size to write : 8
mmu_write : 
addr to write : 8880208efe0, size to write : 8
machine->state.gp_regs[sp] = 8880208efe0
argc = 1
host_alloc      : 88802090000
guest_alloc     : 208f016
host_base       : 8880008f000


3-machine_step : 
fetch inst from pc : 88800010494
fetch inst success, raw_inst : 24000ef
inst debug : 
type : inst_jal, rs1 : 0, rs2 : 0, rd : 1, imm : 24, rvc : 0, csr : 0, stop : 1
before exec : 
after exec : 

General Purpose Registers:
┌─────────┬────────────────────┬─────────┬────────────────────┐
│ zero    │ 0x0000000000000000 │ ra      │ 0x0000088800010498 │
│ sp      │ 0x000008880208efe0 │ gp      │ 0x0000000000000000 │
│ tp      │ 0x0000000000000000 │ t0      │ 0x0000000000000000 │
│ t1      │ 0x0000000000000000 │ t2      │ 0x0000000000000000 │
│ s0      │ 0x0000000000000000 │ s1      │ 0x0000000000000000 │
│ a0      │ 0x0000000000000000 │ a1      │ 0x0000000000000000 │
│ a2      │ 0x0000000000000000 │ a3      │ 0x0000000000000000 │
│ a4      │ 0x0000000000000000 │ a5      │ 0x0000000000000000 │
│ a6      │ 0x0000000000000000 │ a7      │ 0x0000000000000000 │
│ s2      │ 0x0000000000000000 │ s3      │ 0x0000000000000000 │
│ s4      │ 0x0000000000000000 │ s5      │ 0x0000000000000000 │
│ s6      │ 0x0000000000000000 │ s7      │ 0x0000000000000000 │
│ s8      │ 0x0000000000000000 │ s9      │ 0x0000000000000000 │
│ s10     │ 0x0000000000000000 │ s11     │ 0x0000000000000000 │
│ t3      │ 0x0000000000000000 │ t4      │ 0x0000000000000000 │
│ t5      │ 0x0000000000000000 │ t6      │ 0x0000000000000000 │
└─────────┴────────────────────┴─────────┴────────────────────┘


fetch inst from pc : 888000104b8
fetch inst success, raw_inst : 74197
inst debug : 
type : inst_auipc, rs1 : 0, rs2 : 0, rd : 3, imm : 74000, rvc : 0, csr : 0, stop : 0
before exec : 
after exec : 

General Purpose Registers:
┌─────────┬────────────────────┬─────────┬────────────────────┐
│ zero    │ 0x0000000000000000 │ ra      │ 0x0000088800010498 │
│ sp      │ 0x000008880208efe0 │ gp      │ 0x00000888000844b8 │
│ tp      │ 0x0000000000000000 │ t0      │ 0x0000000000000000 │
│ t1      │ 0x0000000000000000 │ t2      │ 0x0000000000000000 │
│ s0      │ 0x0000000000000000 │ s1      │ 0x0000000000000000 │
│ a0      │ 0x0000000000000000 │ a1      │ 0x0000000000000000 │
│ a2      │ 0x0000000000000000 │ a3      │ 0x0000000000000000 │
│ a4      │ 0x0000000000000000 │ a5      │ 0x0000000000000000 │
│ a6      │ 0x0000000000000000 │ a7      │ 0x0000000000000000 │
│ s2      │ 0x0000000000000000 │ s3      │ 0x0000000000000000 │
│ s4      │ 0x0000000000000000 │ s5      │ 0x0000000000000000 │
│ s6      │ 0x0000000000000000 │ s7      │ 0x0000000000000000 │
│ s8      │ 0x0000000000000000 │ s9      │ 0x0000000000000000 │
│ s10     │ 0x0000000000000000 │ s11     │ 0x0000000000000000 │
│ t3      │ 0x0000000000000000 │ t4      │ 0x0000000000000000 │
│ t5      │ 0x0000000000000000 │ t6      │ 0x0000000000000000 │
└─────────┴────────────────────┴─────────┴────────────────────┘


*****************
fetch inst from pc : 888000104bc
fetch inst success, raw_inst : be018193
inst debug : 
type : inst_addi, rs1 : 3, rs2 : 0, rd : 3, imm : fffffbe0, rvc : 0, csr : 0, stop : 0
before exec : 
after exec : 

General Purpose Registers:
┌─────────┬────────────────────┬─────────┬────────────────────┐
│ zero    │ 0x0000000000000000 │ ra      │ 0x0000088800010498 │
│ sp      │ 0x000008880208efe0 │ gp      │ 0x0000088800084098 │
│ tp      │ 0x0000000000000000 │ t0      │ 0x0000000000000000 │
│ t1      │ 0x0000000000000000 │ t2      │ 0x0000000000000000 │
│ s0      │ 0x0000000000000000 │ s1      │ 0x0000000000000000 │
│ a0      │ 0x0000000000000000 │ a1      │ 0x0000000000000000 │
│ a2      │ 0x0000000000000000 │ a3      │ 0x0000000000000000 │
│ a4      │ 0x0000000000000000 │ a5      │ 0x0000000000000000 │
│ a6      │ 0x0000000000000000 │ a7      │ 0x0000000000000000 │
│ s2      │ 0x0000000000000000 │ s3      │ 0x0000000000000000 │
│ s4      │ 0x0000000000000000 │ s5      │ 0x0000000000000000 │
│ s6      │ 0x0000000000000000 │ s7      │ 0x0000000000000000 │
│ s8      │ 0x0000000000000000 │ s9      │ 0x0000000000000000 │
│ s10     │ 0x0000000000000000 │ s11     │ 0x0000000000000000 │
│ t3      │ 0x0000000000000000 │ t4      │ 0x0000000000000000 │
│ t5      │ 0x0000000000000000 │ t6      │ 0x0000000000000000 │
└─────────┴────────────────────┴─────────┴────────────────────┘


*****************
fetch inst from pc : 888000104c0
fetch inst success, raw_inst : 8082
inst debug : 
type : inst_jalr, rs1 : 1, rs2 : 0, rd : 0, imm : 0, rvc : 1, csr : 0, stop : 1
before exec : 
after exec : 

General Purpose Registers:
┌─────────┬────────────────────┬─────────┬────────────────────┐
│ zero    │ 0x00000888000104c2 │ ra      │ 0x0000088800010498 │
│ sp      │ 0x000008880208efe0 │ gp      │ 0x0000088800084098 │
│ tp      │ 0x0000000000000000 │ t0      │ 0x0000000000000000 │
│ t1      │ 0x0000000000000000 │ t2      │ 0x0000000000000000 │
│ s0      │ 0x0000000000000000 │ s1      │ 0x0000000000000000 │
│ a0      │ 0x0000000000000000 │ a1      │ 0x0000000000000000 │
│ a2      │ 0x0000000000000000 │ a3      │ 0x0000000000000000 │
│ a4      │ 0x0000000000000000 │ a5      │ 0x0000000000000000 │
│ a6      │ 0x0000000000000000 │ a7      │ 0x0000000000000000 │
│ s2      │ 0x0000000000000000 │ s3      │ 0x0000000000000000 │
│ s4      │ 0x0000000000000000 │ s5      │ 0x0000000000000000 │
│ s6      │ 0x0000000000000000 │ s7      │ 0x0000000000000000 │
│ s8      │ 0x0000000000000000 │ s9      │ 0x0000000000000000 │
│ s10     │ 0x0000000000000000 │ s11     │ 0x0000000000000000 │
│ t3      │ 0x0000000000000000 │ t4      │ 0x0000000000000000 │
│ t5      │ 0x0000000000000000 │ t6      │ 0x0000000000000000 │
└─────────┴────────────────────┴─────────┴────────────────────┘


fetch inst from pc : 88800010498
fetch inst success, raw_inst : 51787aa
inst debug : 
type : inst_add, rs1 : 0, rs2 : a, rd : f, imm : 0, rvc : 1, csr : 0, stop : 0
before exec : 
after exec : 

General Purpose Registers:
┌─────────┬────────────────────┬─────────┬────────────────────┐
│ zero    │ 0x0000000000000000 │ ra      │ 0x0000088800010498 │
│ sp      │ 0x000008880208efe0 │ gp      │ 0x0000088800084098 │
│ tp      │ 0x0000000000000000 │ t0      │ 0x0000000000000000 │
│ t1      │ 0x0000000000000000 │ t2      │ 0x0000000000000000 │
│ s0      │ 0x0000000000000000 │ s1      │ 0x0000000000000000 │
│ a0      │ 0x0000000000000000 │ a1      │ 0x0000000000000000 │
│ a2      │ 0x0000000000000000 │ a3      │ 0x0000000000000000 │
│ a4      │ 0x0000000000000000 │ a5      │ 0x0000000000000000 │
│ a6      │ 0x0000000000000000 │ a7      │ 0x0000000000000000 │
│ s2      │ 0x0000000000000000 │ s3      │ 0x0000000000000000 │
│ s4      │ 0x0000000000000000 │ s5      │ 0x0000000000000000 │
│ s6      │ 0x0000000000000000 │ s7      │ 0x0000000000000000 │
│ s8      │ 0x0000000000000000 │ s9      │ 0x0000000000000000 │
│ s10     │ 0x0000000000000000 │ s11     │ 0x0000000000000000 │
│ t3      │ 0x0000000000000000 │ t4      │ 0x0000000000000000 │
│ t5      │ 0x0000000000000000 │ t6      │ 0x0000000000000000 │
└─────────┴────────────────────┴─────────┴────────────────────┘


*****************
fetch inst from pc : 8880001049a
fetch inst success, raw_inst : 517
inst debug : 
type : inst_auipc, rs1 : 0, rs2 : 0, rd : a, imm : 0, rvc : 0, csr : 0, stop : 0
before exec : 
after exec : 

General Purpose Registers:
┌─────────┬────────────────────┬─────────┬────────────────────┐
│ zero    │ 0x0000000000000000 │ ra      │ 0x0000088800010498 │
│ sp      │ 0x000008880208efe0 │ gp      │ 0x0000088800084098 │
│ tp      │ 0x0000000000000000 │ t0      │ 0x0000000000000000 │
│ t1      │ 0x0000000000000000 │ t2      │ 0x0000000000000000 │
│ s0      │ 0x0000000000000000 │ s1      │ 0x0000000000000000 │
│ a0      │ 0x000008880001049a │ a1      │ 0x0000000000000000 │
│ a2      │ 0x0000000000000000 │ a3      │ 0x0000000000000000 │
│ a4      │ 0x0000000000000000 │ a5      │ 0x0000000000000000 │
│ a6      │ 0x0000000000000000 │ a7      │ 0x0000000000000000 │
│ s2      │ 0x0000000000000000 │ s3      │ 0x0000000000000000 │
│ s4      │ 0x0000000000000000 │ s5      │ 0x0000000000000000 │
│ s6      │ 0x0000000000000000 │ s7      │ 0x0000000000000000 │
│ s8      │ 0x0000000000000000 │ s9      │ 0x0000000000000000 │
│ s10     │ 0x0000000000000000 │ s11     │ 0x0000000000000000 │
│ t3      │ 0x0000000000000000 │ t4      │ 0x0000000000000000 │
│ t5      │ 0x0000000000000000 │ t6      │ 0x0000000000000000 │
└─────────┴────────────────────┴─────────┴────────────────────┘


*****************
fetch inst from pc : 8880001049e
fetch inst success, raw_inst : 1c50513
inst debug : 
type : inst_addi, rs1 : a, rs2 : 0, rd : a, imm : 1c, rvc : 0, csr : 0, stop : 0
before exec : 
after exec : 

General Purpose Registers:
┌─────────┬────────────────────┬─────────┬────────────────────┐
│ zero    │ 0x0000000000000000 │ ra      │ 0x0000088800010498 │
│ sp      │ 0x000008880208efe0 │ gp      │ 0x0000088800084098 │
│ tp      │ 0x0000000000000000 │ t0      │ 0x0000000000000000 │
│ t1      │ 0x0000000000000000 │ t2      │ 0x0000000000000000 │
│ s0      │ 0x0000000000000000 │ s1      │ 0x0000000000000000 │
│ a0      │ 0x00000888000104b6 │ a1      │ 0x0000000000000000 │
│ a2      │ 0x0000000000000000 │ a3      │ 0x0000000000000000 │
│ a4      │ 0x0000000000000000 │ a5      │ 0x0000000000000000 │
│ a6      │ 0x0000000000000000 │ a7      │ 0x0000000000000000 │
│ s2      │ 0x0000000000000000 │ s3      │ 0x0000000000000000 │
│ s4      │ 0x0000000000000000 │ s5      │ 0x0000000000000000 │
│ s6      │ 0x0000000000000000 │ s7      │ 0x0000000000000000 │
│ s8      │ 0x0000000000000000 │ s9      │ 0x0000000000000000 │
│ s10     │ 0x0000000000000000 │ s11     │ 0x0000000000000000 │
│ t3      │ 0x0000000000000000 │ t4      │ 0x0000000000000000 │
│ t5      │ 0x0000000000000000 │ t6      │ 0x0000000000000000 │
└─────────┴────────────────────┴─────────┴────────────────────┘


*****************
fetch inst from pc : 888000104a2
fetch inst success, raw_inst : 306582
inst debug : 
type : inst_ld, rs1 : 2, rs2 : 0, rd : b, imm : 0, rvc : 1, csr : 0, stop : 0
before exec : 
address to load : 8880208efe0
after exec : 

General Purpose Registers:
┌─────────┬────────────────────┬─────────┬────────────────────┐
│ zero    │ 0x0000000000000000 │ ra      │ 0x0000088800010498 │
│ sp      │ 0x000008880208efe0 │ gp      │ 0x0000088800084098 │
│ tp      │ 0x0000000000000000 │ t0      │ 0x0000000000000000 │
│ t1      │ 0x0000000000000000 │ t2      │ 0x0000000000000000 │
│ s0      │ 0x0000000000000000 │ s1      │ 0x0000000000000000 │
│ a0      │ 0x00000888000104b6 │ a1      │ 0x0000000000000001 │
│ a2      │ 0x0000000000000000 │ a3      │ 0x0000000000000000 │
│ a4      │ 0x0000000000000000 │ a5      │ 0x0000000000000000 │
│ a6      │ 0x0000000000000000 │ a7      │ 0x0000000000000000 │
│ s2      │ 0x0000000000000000 │ s3      │ 0x0000000000000000 │
│ s4      │ 0x0000000000000000 │ s5      │ 0x0000000000000000 │
│ s6      │ 0x0000000000000000 │ s7      │ 0x0000000000000000 │
│ s8      │ 0x0000000000000000 │ s9      │ 0x0000000000000000 │
│ s10     │ 0x0000000000000000 │ s11     │ 0x0000000000000000 │
│ t3      │ 0x0000000000000000 │ t4      │ 0x0000000000000000 │
│ t5      │ 0x0000000000000000 │ t6      │ 0x0000000000000000 │
└─────────┴────────────────────┴─────────┴────────────────────┘


*****************
fetch inst from pc : 888000104a4
fetch inst success, raw_inst : 71130030
inst debug : 
type : inst_addi, rs1 : 0, rs2 : 0, rd : c, imm : 8, rvc : 1, csr : 0, stop : 0
before exec : 
after exec : 

General Purpose Registers:
┌─────────┬────────────────────┬─────────┬────────────────────┐
│ zero    │ 0x0000000000000000 │ ra      │ 0x0000088800010498 │
│ sp      │ 0x000008880208efe0 │ gp      │ 0x0000088800084098 │
│ tp      │ 0x0000000000000000 │ t0      │ 0x0000000000000000 │
│ t1      │ 0x0000000000000000 │ t2      │ 0x0000000000000000 │
│ s0      │ 0x0000000000000000 │ s1      │ 0x0000000000000000 │
│ a0      │ 0x00000888000104b6 │ a1      │ 0x0000000000000001 │
│ a2      │ 0x0000000000000008 │ a3      │ 0x0000000000000000 │
│ a4      │ 0x0000000000000000 │ a5      │ 0x0000000000000000 │
│ a6      │ 0x0000000000000000 │ a7      │ 0x0000000000000000 │
│ s2      │ 0x0000000000000000 │ s3      │ 0x0000000000000000 │
│ s4      │ 0x0000000000000000 │ s5      │ 0x0000000000000000 │
│ s6      │ 0x0000000000000000 │ s7      │ 0x0000000000000000 │
│ s8      │ 0x0000000000000000 │ s9      │ 0x0000000000000000 │
│ s10     │ 0x0000000000000000 │ s11     │ 0x0000000000000000 │
│ t3      │ 0x0000000000000000 │ t4      │ 0x0000000000000000 │
│ t5      │ 0x0000000000000000 │ t6      │ 0x0000000000000000 │
└─────────┴────────────────────┴─────────┴────────────────────┘


*****************
fetch inst from pc : 888000104a6
fetch inst success, raw_inst : ff017113
inst debug : 
type : inst_andi, rs1 : 2, rs2 : 0, rd : 2, imm : fffffff0, rvc : 0, csr : 0, stop : 0
before exec : 
after exec : 

General Purpose Registers:
┌─────────┬────────────────────┬─────────┬────────────────────┐
│ zero    │ 0x0000000000000000 │ ra      │ 0x0000088800010498 │
│ sp      │ 0x000008880208efe0 │ gp      │ 0x0000088800084098 │
│ tp      │ 0x0000000000000000 │ t0      │ 0x0000000000000000 │
│ t1      │ 0x0000000000000000 │ t2      │ 0x0000000000000000 │
│ s0      │ 0x0000000000000000 │ s1      │ 0x0000000000000000 │
│ a0      │ 0x00000888000104b6 │ a1      │ 0x0000000000000001 │
│ a2      │ 0x0000000000000008 │ a3      │ 0x0000000000000000 │
│ a4      │ 0x0000000000000000 │ a5      │ 0x0000000000000000 │
│ a6      │ 0x0000000000000000 │ a7      │ 0x0000000000000000 │
│ s2      │ 0x0000000000000000 │ s3      │ 0x0000000000000000 │
│ s4      │ 0x0000000000000000 │ s5      │ 0x0000000000000000 │
│ s6      │ 0x0000000000000000 │ s7      │ 0x0000000000000000 │
│ s8      │ 0x0000000000000000 │ s9      │ 0x0000000000000000 │
│ s10     │ 0x0000000000000000 │ s11     │ 0x0000000000000000 │
│ t3      │ 0x0000000000000000 │ t4      │ 0x0000000000000000 │
│ t5      │ 0x0000000000000000 │ t6      │ 0x0000000000000000 │
└─────────┴────────────────────┴─────────┴────────────────────┘


*****************
fetch inst from pc : 888000104aa
fetch inst success, raw_inst : 47014681
inst debug : 
type : inst_addi, rs1 : 0, rs2 : 0, rd : d, imm : 0, rvc : 1, csr : 0, stop : 0
before exec : 
after exec : 

General Purpose Registers:
┌─────────┬────────────────────┬─────────┬────────────────────┐
│ zero    │ 0x0000000000000000 │ ra      │ 0x0000088800010498 │
│ sp      │ 0x000008880208efe0 │ gp      │ 0x0000088800084098 │
│ tp      │ 0x0000000000000000 │ t0      │ 0x0000000000000000 │
│ t1      │ 0x0000000000000000 │ t2      │ 0x0000000000000000 │
│ s0      │ 0x0000000000000000 │ s1      │ 0x0000000000000000 │
│ a0      │ 0x00000888000104b6 │ a1      │ 0x0000000000000001 │
│ a2      │ 0x0000000000000008 │ a3      │ 0x0000000000000000 │
│ a4      │ 0x0000000000000000 │ a5      │ 0x0000000000000000 │
│ a6      │ 0x0000000000000000 │ a7      │ 0x0000000000000000 │
│ s2      │ 0x0000000000000000 │ s3      │ 0x0000000000000000 │
│ s4      │ 0x0000000000000000 │ s5      │ 0x0000000000000000 │
│ s6      │ 0x0000000000000000 │ s7      │ 0x0000000000000000 │
│ s8      │ 0x0000000000000000 │ s9      │ 0x0000000000000000 │
│ s10     │ 0x0000000000000000 │ s11     │ 0x0000000000000000 │
│ t3      │ 0x0000000000000000 │ t4      │ 0x0000000000000000 │
│ t5      │ 0x0000000000000000 │ t6      │ 0x0000000000000000 │
└─────────┴────────────────────┴─────────┴────────────────────┘


*****************
fetch inst from pc : 888000104ac
fetch inst success, raw_inst : 880a4701
inst debug : 
type : inst_addi, rs1 : 0, rs2 : 0, rd : e, imm : 0, rvc : 1, csr : 0, stop : 0
before exec : 
after exec : 

General Purpose Registers:
┌─────────┬────────────────────┬─────────┬────────────────────┐
│ zero    │ 0x0000000000000000 │ ra      │ 0x0000088800010498 │
│ sp      │ 0x000008880208efe0 │ gp      │ 0x0000088800084098 │
│ tp      │ 0x0000000000000000 │ t0      │ 0x0000000000000000 │
│ t1      │ 0x0000000000000000 │ t2      │ 0x0000000000000000 │
│ s0      │ 0x0000000000000000 │ s1      │ 0x0000000000000000 │
│ a0      │ 0x00000888000104b6 │ a1      │ 0x0000000000000001 │
│ a2      │ 0x0000000000000008 │ a3      │ 0x0000000000000000 │
│ a4      │ 0x0000000000000000 │ a5      │ 0x0000000000000000 │
│ a6      │ 0x0000000000000000 │ a7      │ 0x0000000000000000 │
│ s2      │ 0x0000000000000000 │ s3      │ 0x0000000000000000 │
│ s4      │ 0x0000000000000000 │ s5      │ 0x0000000000000000 │
│ s6      │ 0x0000000000000000 │ s7      │ 0x0000000000000000 │
│ s8      │ 0x0000000000000000 │ s9      │ 0x0000000000000000 │
│ s10     │ 0x0000000000000000 │ s11     │ 0x0000000000000000 │
│ t3      │ 0x0000000000000000 │ t4      │ 0x0000000000000000 │
│ t5      │ 0x0000000000000000 │ t6      │ 0x0000000000000000 │
└─────────┴────────────────────┴─────────┴────────────────────┘


*****************
fetch inst from pc : 888000104ae
fetch inst success, raw_inst : ef880a
inst debug : 
type : inst_add, rs1 : 0, rs2 : 2, rd : 10, imm : 0, rvc : 1, csr : 0, stop : 0
before exec : 
after exec : 

General Purpose Registers:
┌─────────┬────────────────────┬─────────┬────────────────────┐
│ zero    │ 0x0000000000000000 │ ra      │ 0x0000088800010498 │
│ sp      │ 0x000008880208efe0 │ gp      │ 0x0000088800084098 │
│ tp      │ 0x0000000000000000 │ t0      │ 0x0000000000000000 │
│ t1      │ 0x0000000000000000 │ t2      │ 0x0000000000000000 │
│ s0      │ 0x0000000000000000 │ s1      │ 0x0000000000000000 │
│ a0      │ 0x00000888000104b6 │ a1      │ 0x0000000000000001 │
│ a2      │ 0x0000000000000008 │ a3      │ 0x0000000000000000 │
│ a4      │ 0x0000000000000000 │ a5      │ 0x0000000000000000 │
│ a6      │ 0x000008880208efe0 │ a7      │ 0x0000000000000000 │
│ s2      │ 0x0000000000000000 │ s3      │ 0x0000000000000000 │
│ s4      │ 0x0000000000000000 │ s5      │ 0x0000000000000000 │
│ s6      │ 0x0000000000000000 │ s7      │ 0x0000000000000000 │
│ s8      │ 0x0000000000000000 │ s9      │ 0x0000000000000000 │
│ s10     │ 0x0000000000000000 │ s11     │ 0x0000000000000000 │
│ t3      │ 0x0000000000000000 │ t4      │ 0x0000000000000000 │
│ t5      │ 0x0000000000000000 │ t6      │ 0x0000000000000000 │
└─────────┴────────────────────┴─────────┴────────────────────┘


*****************
fetch inst from pc : 888000104b0
fetch inst success, raw_inst : 2a6000ef
inst debug : 
type : inst_jal, rs1 : 0, rs2 : 0, rd : 1, imm : 2a6, rvc : 0, csr : 0, stop : 1
before exec : 
after exec : 

General Purpose Registers:
┌─────────┬────────────────────┬─────────┬────────────────────┐
│ zero    │ 0x0000000000000000 │ ra      │ 0x00000888000104b4 │
│ sp      │ 0x000008880208efe0 │ gp      │ 0x0000088800084098 │
│ tp      │ 0x0000000000000000 │ t0      │ 0x0000000000000000 │
│ t1      │ 0x0000000000000000 │ t2      │ 0x0000000000000000 │
│ s0      │ 0x0000000000000000 │ s1      │ 0x0000000000000000 │
│ a0      │ 0x00000888000104b6 │ a1      │ 0x0000000000000001 │
│ a2      │ 0x0000000000000008 │ a3      │ 0x0000000000000000 │
│ a4      │ 0x0000000000000000 │ a5      │ 0x0000000000000000 │
│ a6      │ 0x000008880208efe0 │ a7      │ 0x0000000000000000 │
│ s2      │ 0x0000000000000000 │ s3      │ 0x0000000000000000 │
│ s4      │ 0x0000000000000000 │ s5      │ 0x0000000000000000 │
│ s6      │ 0x0000000000000000 │ s7      │ 0x0000000000000000 │
│ s8      │ 0x0000000000000000 │ s9      │ 0x0000000000000000 │
│ s10     │ 0x0000000000000000 │ s11     │ 0x0000000000000000 │
│ t3      │ 0x0000000000000000 │ t4      │ 0x0000000000000000 │
│ t5      │ 0x0000000000000000 │ t6      │ 0x0000000000000000 │
└─────────┴────────────────────┴─────────┴────────────────────┘


fetch inst from pc : 88800010756
fetch inst success, raw_inst : 87137119
inst debug : 
type : inst_addi, rs1 : 2, rs2 : 0, rd : 2, imm : ffffff80, rvc : 1, csr : 0, stop : 0
before exec : 
after exec : 

General Purpose Registers:
┌─────────┬────────────────────┬─────────┬────────────────────┐
│ zero    │ 0x0000000000000000 │ ra      │ 0x00000888000104b4 │
│ sp      │ 0x000008880208ef60 │ gp      │ 0x0000088800084098 │
│ tp      │ 0x0000000000000000 │ t0      │ 0x0000000000000000 │
│ t1      │ 0x0000000000000000 │ t2      │ 0x0000000000000000 │
│ s0      │ 0x0000000000000000 │ s1      │ 0x0000000000000000 │
│ a0      │ 0x00000888000104b6 │ a1      │ 0x0000000000000001 │
│ a2      │ 0x0000000000000008 │ a3      │ 0x0000000000000000 │
│ a4      │ 0x0000000000000000 │ a5      │ 0x0000000000000000 │
│ a6      │ 0x000008880208efe0 │ a7      │ 0x0000000000000000 │
│ s2      │ 0x0000000000000000 │ s3      │ 0x0000000000000000 │
│ s4      │ 0x0000000000000000 │ s5      │ 0x0000000000000000 │
│ s6      │ 0x0000000000000000 │ s7      │ 0x0000000000000000 │
│ s8      │ 0x0000000000000000 │ s9      │ 0x0000000000000000 │
│ s10     │ 0x0000000000000000 │ s11     │ 0x0000000000000000 │
│ t3      │ 0x0000000000000000 │ t4      │ 0x0000000000000000 │
│ t5      │ 0x0000000000000000 │ t6      │ 0x0000000000000000 │
└─────────┴────────────────────┴─────────┴────────────────────┘


*****************
fetch inst from pc : 88800010758
fetch inst success, raw_inst : 158713
inst debug : 
type : inst_addi, rs1 : b, rs2 : 0, rd : e, imm : 1, rvc : 0, csr : 0, stop : 0
before exec : 
after exec : 

General Purpose Registers:
┌─────────┬────────────────────┬─────────┬────────────────────┐
│ zero    │ 0x0000000000000000 │ ra      │ 0x00000888000104b4 │
│ sp      │ 0x000008880208ef60 │ gp      │ 0x0000088800084098 │
│ tp      │ 0x0000000000000000 │ t0      │ 0x0000000000000000 │
│ t1      │ 0x0000000000000000 │ t2      │ 0x0000000000000000 │
│ s0      │ 0x0000000000000000 │ s1      │ 0x0000000000000000 │
│ a0      │ 0x00000888000104b6 │ a1      │ 0x0000000000000001 │
│ a2      │ 0x0000000000000008 │ a3      │ 0x0000000000000000 │
│ a4      │ 0x0000000000000002 │ a5      │ 0x0000000000000000 │
│ a6      │ 0x000008880208efe0 │ a7      │ 0x0000000000000000 │
│ s2      │ 0x0000000000000000 │ s3      │ 0x0000000000000000 │
│ s4      │ 0x0000000000000000 │ s5      │ 0x0000000000000000 │
│ s6      │ 0x0000000000000000 │ s7      │ 0x0000000000000000 │
│ s8      │ 0x0000000000000000 │ s9      │ 0x0000000000000000 │
│ s10     │ 0x0000000000000000 │ s11     │ 0x0000000000000000 │
│ t3      │ 0x0000000000000000 │ t4      │ 0x0000000000000000 │
│ t5      │ 0x0000000000000000 │ t6      │ 0x0000000000000000 │
└─────────┴────────────────────┴─────────┴────────────────────┘


*****************
fetch inst from pc : 8880001075c
fetch inst success, raw_inst : f0caf8a2
inst debug : 
type : inst_sd, rs1 : 2, rs2 : 8, rd : 0, imm : 70, rvc : 1, csr : 0, stop : 0
before exec : 
address to store : 8880208efd0
after exec : 

General Purpose Registers:
┌─────────┬────────────────────┬─────────┬────────────────────┐
│ zero    │ 0x0000000000000000 │ ra      │ 0x00000888000104b4 │
│ sp      │ 0x000008880208ef60 │ gp      │ 0x0000088800084098 │
│ tp      │ 0x0000000000000000 │ t0      │ 0x0000000000000000 │
│ t1      │ 0x0000000000000000 │ t2      │ 0x0000000000000000 │
│ s0      │ 0x0000000000000000 │ s1      │ 0x0000000000000000 │
│ a0      │ 0x00000888000104b6 │ a1      │ 0x0000000000000001 │
│ a2      │ 0x0000000000000008 │ a3      │ 0x0000000000000000 │
│ a4      │ 0x0000000000000002 │ a5      │ 0x0000000000000000 │
│ a6      │ 0x000008880208efe0 │ a7      │ 0x0000000000000000 │
│ s2      │ 0x0000000000000000 │ s3      │ 0x0000000000000000 │
│ s4      │ 0x0000000000000000 │ s5      │ 0x0000000000000000 │
│ s6      │ 0x0000000000000000 │ s7      │ 0x0000000000000000 │
│ s8      │ 0x0000000000000000 │ s9      │ 0x0000000000000000 │
│ s10     │ 0x0000000000000000 │ s11     │ 0x0000000000000000 │
│ t3      │ 0x0000000000000000 │ t4      │ 0x0000000000000000 │
│ t5      │ 0x0000000000000000 │ t6      │ 0x0000000000000000 │
└─────────┴────────────────────┴─────────┴────────────────────┘


*****************
fetch inst from pc : 8880001075e
fetch inst success, raw_inst : eccef0ca
inst debug : 
type : inst_sd, rs1 : 2, rs2 : 12, rd : 0, imm : 60, rvc : 1, csr : 0, stop : 0
before exec : 
address to store : 8880208efc0
after exec : 

General Purpose Registers:
┌─────────┬────────────────────┬─────────┬────────────────────┐
│ zero    │ 0x0000000000000000 │ ra      │ 0x00000888000104b4 │
│ sp      │ 0x000008880208ef60 │ gp      │ 0x0000088800084098 │
│ tp      │ 0x0000000000000000 │ t0      │ 0x0000000000000000 │
│ t1      │ 0x0000000000000000 │ t2      │ 0x0000000000000000 │
│ s0      │ 0x0000000000000000 │ s1      │ 0x0000000000000000 │
│ a0      │ 0x00000888000104b6 │ a1      │ 0x0000000000000001 │
│ a2      │ 0x0000000000000008 │ a3      │ 0x0000000000000000 │
│ a4      │ 0x0000000000000002 │ a5      │ 0x0000000000000000 │
│ a6      │ 0x000008880208efe0 │ a7      │ 0x0000000000000000 │
│ s2      │ 0x0000000000000000 │ s3      │ 0x0000000000000000 │
│ s4      │ 0x0000000000000000 │ s5      │ 0x0000000000000000 │
│ s6      │ 0x0000000000000000 │ s7      │ 0x0000000000000000 │
│ s8      │ 0x0000000000000000 │ s9      │ 0x0000000000000000 │
│ s10     │ 0x0000000000000000 │ s11     │ 0x0000000000000000 │
│ t3      │ 0x0000000000000000 │ t4      │ 0x0000000000000000 │
│ t5      │ 0x0000000000000000 │ t6      │ 0x0000000000000000 │
└─────────┴────────────────────┴─────────┴────────────────────┘


*****************
fetch inst from pc : 88800010760
fetch inst success, raw_inst : e0daecce
inst debug : 
type : inst_sd, rs1 : 2, rs2 : 13, rd : 0, imm : 58, rvc : 1, csr : 0, stop : 0
before exec : 
address to store : 8880208efb8
after exec : 

General Purpose Registers:
┌─────────┬────────────────────┬─────────┬────────────────────┐
│ zero    │ 0x0000000000000000 │ ra      │ 0x00000888000104b4 │
│ sp      │ 0x000008880208ef60 │ gp      │ 0x0000088800084098 │
│ tp      │ 0x0000000000000000 │ t0      │ 0x0000000000000000 │
│ t1      │ 0x0000000000000000 │ t2      │ 0x0000000000000000 │
│ s0      │ 0x0000000000000000 │ s1      │ 0x0000000000000000 │
│ a0      │ 0x00000888000104b6 │ a1      │ 0x0000000000000001 │
│ a2      │ 0x0000000000000008 │ a3      │ 0x0000000000000000 │
│ a4      │ 0x0000000000000002 │ a5      │ 0x0000000000000000 │
│ a6      │ 0x000008880208efe0 │ a7      │ 0x0000000000000000 │
│ s2      │ 0x0000000000000000 │ s3      │ 0x0000000000000000 │
│ s4      │ 0x0000000000000000 │ s5      │ 0x0000000000000000 │
│ s6      │ 0x0000000000000000 │ s7      │ 0x0000000000000000 │
│ s8      │ 0x0000000000000000 │ s9      │ 0x0000000000000000 │
│ s10     │ 0x0000000000000000 │ s11     │ 0x0000000000000000 │
│ t3      │ 0x0000000000000000 │ t4      │ 0x0000000000000000 │
│ t5      │ 0x0000000000000000 │ t6      │ 0x0000000000000000 │
└─────────┴────────────────────┴─────────┴────────────────────┘


*****************
fetch inst from pc : 88800010762
fetch inst success, raw_inst : fc5ee0da
inst debug : 
type : inst_sd, rs1 : 2, rs2 : 16, rd : 0, imm : 40, rvc : 1, csr : 0, stop : 0
before exec : 
address to store : 8880208efa0
after exec : 

General Purpose Registers:
┌─────────┬────────────────────┬─────────┬────────────────────┐
│ zero    │ 0x0000000000000000 │ ra      │ 0x00000888000104b4 │
│ sp      │ 0x000008880208ef60 │ gp      │ 0x0000088800084098 │
│ tp      │ 0x0000000000000000 │ t0      │ 0x0000000000000000 │
│ t1      │ 0x0000000000000000 │ t2      │ 0x0000000000000000 │
│ s0      │ 0x0000000000000000 │ s1      │ 0x0000000000000000 │
│ a0      │ 0x00000888000104b6 │ a1      │ 0x0000000000000001 │
│ a2      │ 0x0000000000000008 │ a3      │ 0x0000000000000000 │
│ a4      │ 0x0000000000000002 │ a5      │ 0x0000000000000000 │
│ a6      │ 0x000008880208efe0 │ a7      │ 0x0000000000000000 │
│ s2      │ 0x0000000000000000 │ s3      │ 0x0000000000000000 │
│ s4      │ 0x0000000000000000 │ s5      │ 0x0000000000000000 │
│ s6      │ 0x0000000000000000 │ s7      │ 0x0000000000000000 │
│ s8      │ 0x0000000000000000 │ s9      │ 0x0000000000000000 │
│ s10     │ 0x0000000000000000 │ s11     │ 0x0000000000000000 │
│ t3      │ 0x0000000000000000 │ t4      │ 0x0000000000000000 │
│ t5      │ 0x0000000000000000 │ t6      │ 0x0000000000000000 │
└─────────┴────────────────────┴─────────┴────────────────────┘


*****************
fetch inst from pc : 88800010764
fetch inst success, raw_inst : f862fc5e
inst debug : 
type : inst_sd, rs1 : 2, rs2 : 17, rd : 0, imm : 38, rvc : 1, csr : 0, stop : 0
before exec : 
address to store : 8880208ef98
after exec : 

General Purpose Registers:
┌─────────┬────────────────────┬─────────┬────────────────────┐
│ zero    │ 0x0000000000000000 │ ra      │ 0x00000888000104b4 │
│ sp      │ 0x000008880208ef60 │ gp      │ 0x0000088800084098 │
│ tp      │ 0x0000000000000000 │ t0      │ 0x0000000000000000 │
│ t1      │ 0x0000000000000000 │ t2      │ 0x0000000000000000 │
│ s0      │ 0x0000000000000000 │ s1      │ 0x0000000000000000 │
│ a0      │ 0x00000888000104b6 │ a1      │ 0x0000000000000001 │
│ a2      │ 0x0000000000000008 │ a3      │ 0x0000000000000000 │
│ a4      │ 0x0000000000000002 │ a5      │ 0x0000000000000000 │
│ a6      │ 0x000008880208efe0 │ a7      │ 0x0000000000000000 │
│ s2      │ 0x0000000000000000 │ s3      │ 0x0000000000000000 │
│ s4      │ 0x0000000000000000 │ s5      │ 0x0000000000000000 │
│ s6      │ 0x0000000000000000 │ s7      │ 0x0000000000000000 │
│ s8      │ 0x0000000000000000 │ s9      │ 0x0000000000000000 │
│ s10     │ 0x0000000000000000 │ s11     │ 0x0000000000000000 │
│ t3      │ 0x0000000000000000 │ t4      │ 0x0000000000000000 │
│ t5      │ 0x0000000000000000 │ t6      │ 0x0000000000000000 │
└─────────┴────────────────────┴─────────┴────────────────────┘


*****************
fetch inst from pc : 88800010766
fetch inst success, raw_inst : fc86f862
inst debug : 
type : inst_sd, rs1 : 2, rs2 : 18, rd : 0, imm : 30, rvc : 1, csr : 0, stop : 0
before exec : 
address to store : 8880208ef90
after exec : 

General Purpose Registers:
┌─────────┬────────────────────┬─────────┬────────────────────┐
│ zero    │ 0x0000000000000000 │ ra      │ 0x00000888000104b4 │
│ sp      │ 0x000008880208ef60 │ gp      │ 0x0000088800084098 │
│ tp      │ 0x0000000000000000 │ t0      │ 0x0000000000000000 │
│ t1      │ 0x0000000000000000 │ t2      │ 0x0000000000000000 │
│ s0      │ 0x0000000000000000 │ s1      │ 0x0000000000000000 │
│ a0      │ 0x00000888000104b6 │ a1      │ 0x0000000000000001 │
│ a2      │ 0x0000000000000008 │ a3      │ 0x0000000000000000 │
│ a4      │ 0x0000000000000002 │ a5      │ 0x0000000000000000 │
│ a6      │ 0x000008880208efe0 │ a7      │ 0x0000000000000000 │
│ s2      │ 0x0000000000000000 │ s3      │ 0x0000000000000000 │
│ s4      │ 0x0000000000000000 │ s5      │ 0x0000000000000000 │
│ s6      │ 0x0000000000000000 │ s7      │ 0x0000000000000000 │
│ s8      │ 0x0000000000000000 │ s9      │ 0x0000000000000000 │
│ s10     │ 0x0000000000000000 │ s11     │ 0x0000000000000000 │
│ t3      │ 0x0000000000000000 │ t4      │ 0x0000000000000000 │
│ t5      │ 0x0000000000000000 │ t6      │ 0x0000000000000000 │
└─────────┴────────────────────┴─────────┴────────────────────┘


*****************
fetch inst from pc : 88800010768
fetch inst success, raw_inst : f4a6fc86
inst debug : 
type : inst_sd, rs1 : 2, rs2 : 1, rd : 0, imm : 78, rvc : 1, csr : 0, stop : 0
before exec : 
address to store : 8880208efd8
after exec : 

General Purpose Registers:
┌─────────┬────────────────────┬─────────┬────────────────────┐
│ zero    │ 0x0000000000000000 │ ra      │ 0x00000888000104b4 │
│ sp      │ 0x000008880208ef60 │ gp      │ 0x0000088800084098 │
│ tp      │ 0x0000000000000000 │ t0      │ 0x0000000000000000 │
│ t1      │ 0x0000000000000000 │ t2      │ 0x0000000000000000 │
│ s0      │ 0x0000000000000000 │ s1      │ 0x0000000000000000 │
│ a0      │ 0x00000888000104b6 │ a1      │ 0x0000000000000001 │
│ a2      │ 0x0000000000000008 │ a3      │ 0x0000000000000000 │
│ a4      │ 0x0000000000000002 │ a5      │ 0x0000000000000000 │
│ a6      │ 0x000008880208efe0 │ a7      │ 0x0000000000000000 │
│ s2      │ 0x0000000000000000 │ s3      │ 0x0000000000000000 │
│ s4      │ 0x0000000000000000 │ s5      │ 0x0000000000000000 │
│ s6      │ 0x0000000000000000 │ s7      │ 0x0000000000000000 │
│ s8      │ 0x0000000000000000 │ s9      │ 0x0000000000000000 │
│ s10     │ 0x0000000000000000 │ s11     │ 0x0000000000000000 │
│ t3      │ 0x0000000000000000 │ t4      │ 0x0000000000000000 │
│ t5      │ 0x0000000000000000 │ t6      │ 0x0000000000000000 │
└─────────┴────────────────────┴─────────┴────────────────────┘


*****************
fetch inst from pc : 8880001076a
fetch inst success, raw_inst : e8d2f4a6
inst debug : 
type : inst_sd, rs1 : 2, rs2 : 9, rd : 0, imm : 68, rvc : 1, csr : 0, stop : 0
before exec : 
address to store : 8880208efc8
after exec : 

General Purpose Registers:
┌─────────┬────────────────────┬─────────┬────────────────────┐
│ zero    │ 0x0000000000000000 │ ra      │ 0x00000888000104b4 │
│ sp      │ 0x000008880208ef60 │ gp      │ 0x0000088800084098 │
│ tp      │ 0x0000000000000000 │ t0      │ 0x0000000000000000 │
│ t1      │ 0x0000000000000000 │ t2      │ 0x0000000000000000 │
│ s0      │ 0x0000000000000000 │ s1      │ 0x0000000000000000 │
│ a0      │ 0x00000888000104b6 │ a1      │ 0x0000000000000001 │
│ a2      │ 0x0000000000000008 │ a3      │ 0x0000000000000000 │
│ a4      │ 0x0000000000000002 │ a5      │ 0x0000000000000000 │
│ a6      │ 0x000008880208efe0 │ a7      │ 0x0000000000000000 │
│ s2      │ 0x0000000000000000 │ s3      │ 0x0000000000000000 │
│ s4      │ 0x0000000000000000 │ s5      │ 0x0000000000000000 │
│ s6      │ 0x0000000000000000 │ s7      │ 0x0000000000000000 │
│ s8      │ 0x0000000000000000 │ s9      │ 0x0000000000000000 │
│ s10     │ 0x0000000000000000 │ s11     │ 0x0000000000000000 │
│ t3      │ 0x0000000000000000 │ t4      │ 0x0000000000000000 │
│ t5      │ 0x0000000000000000 │ t6      │ 0x0000000000000000 │
└─────────┴────────────────────┴─────────┴────────────────────┘


*****************
fetch inst from pc : 8880001076c
fetch inst success, raw_inst : e4d6e8d2
inst debug : 
type : inst_sd, rs1 : 2, rs2 : 14, rd : 0, imm : 50, rvc : 1, csr : 0, stop : 0
before exec : 
address to store : 8880208efb0
after exec : 

General Purpose Registers:
┌─────────┬────────────────────┬─────────┬────────────────────┐
│ zero    │ 0x0000000000000000 │ ra      │ 0x00000888000104b4 │
│ sp      │ 0x000008880208ef60 │ gp      │ 0x0000088800084098 │
│ tp      │ 0x0000000000000000 │ t0      │ 0x0000000000000000 │
│ t1      │ 0x0000000000000000 │ t2      │ 0x0000000000000000 │
│ s0      │ 0x0000000000000000 │ s1      │ 0x0000000000000000 │
│ a0      │ 0x00000888000104b6 │ a1      │ 0x0000000000000001 │
│ a2      │ 0x0000000000000008 │ a3      │ 0x0000000000000000 │
│ a4      │ 0x0000000000000002 │ a5      │ 0x0000000000000000 │
│ a6      │ 0x000008880208efe0 │ a7      │ 0x0000000000000000 │
│ s2      │ 0x0000000000000000 │ s3      │ 0x0000000000000000 │
│ s4      │ 0x0000000000000000 │ s5      │ 0x0000000000000000 │
│ s6      │ 0x0000000000000000 │ s7      │ 0x0000000000000000 │
│ s8      │ 0x0000000000000000 │ s9      │ 0x0000000000000000 │
│ s10     │ 0x0000000000000000 │ s11     │ 0x0000000000000000 │
│ t3      │ 0x0000000000000000 │ t4      │ 0x0000000000000000 │
│ t5      │ 0x0000000000000000 │ t6      │ 0x0000000000000000 │
└─────────┴────────────────────┴─────────┴────────────────────┘


*****************
fetch inst from pc : 8880001076e
fetch inst success, raw_inst : f466e4d6
inst debug : 
type : inst_sd, rs1 : 2, rs2 : 15, rd : 0, imm : 48, rvc : 1, csr : 0, stop : 0
before exec : 
address to store : 8880208efa8
after exec : 

General Purpose Registers:
┌─────────┬────────────────────┬─────────┬────────────────────┐
│ zero    │ 0x0000000000000000 │ ra      │ 0x00000888000104b4 │
│ sp      │ 0x000008880208ef60 │ gp      │ 0x0000088800084098 │
│ tp      │ 0x0000000000000000 │ t0      │ 0x0000000000000000 │
│ t1      │ 0x0000000000000000 │ t2      │ 0x0000000000000000 │
│ s0      │ 0x0000000000000000 │ s1      │ 0x0000000000000000 │
│ a0      │ 0x00000888000104b6 │ a1      │ 0x0000000000000001 │
│ a2      │ 0x0000000000000008 │ a3      │ 0x0000000000000000 │
│ a4      │ 0x0000000000000002 │ a5      │ 0x0000000000000000 │
│ a6      │ 0x000008880208efe0 │ a7      │ 0x0000000000000000 │
│ s2      │ 0x0000000000000000 │ s3      │ 0x0000000000000000 │
│ s4      │ 0x0000000000000000 │ s5      │ 0x0000000000000000 │
│ s6      │ 0x0000000000000000 │ s7      │ 0x0000000000000000 │
│ s8      │ 0x0000000000000000 │ s9      │ 0x0000000000000000 │
│ s10     │ 0x0000000000000000 │ s11     │ 0x0000000000000000 │
│ t3      │ 0x0000000000000000 │ t4      │ 0x0000000000000000 │
│ t5      │ 0x0000000000000000 │ t6      │ 0x0000000000000000 │
└─────────┴────────────────────┴─────────┴────────────────────┘


*****************
fetch inst from pc : 88800010770
fetch inst success, raw_inst : f06af466
inst debug : 
type : inst_sd, rs1 : 2, rs2 : 19, rd : 0, imm : 28, rvc : 1, csr : 0, stop : 0
before exec : 
address to store : 8880208ef88
after exec : 

General Purpose Registers:
┌─────────┬────────────────────┬─────────┬────────────────────┐
│ zero    │ 0x0000000000000000 │ ra      │ 0x00000888000104b4 │
│ sp      │ 0x000008880208ef60 │ gp      │ 0x0000088800084098 │
│ tp      │ 0x0000000000000000 │ t0      │ 0x0000000000000000 │
│ t1      │ 0x0000000000000000 │ t2      │ 0x0000000000000000 │
│ s0      │ 0x0000000000000000 │ s1      │ 0x0000000000000000 │
│ a0      │ 0x00000888000104b6 │ a1      │ 0x0000000000000001 │
│ a2      │ 0x0000000000000008 │ a3      │ 0x0000000000000000 │
│ a4      │ 0x0000000000000002 │ a5      │ 0x0000000000000000 │
│ a6      │ 0x000008880208efe0 │ a7      │ 0x0000000000000000 │
│ s2      │ 0x0000000000000000 │ s3      │ 0x0000000000000000 │
│ s4      │ 0x0000000000000000 │ s5      │ 0x0000000000000000 │
│ s6      │ 0x0000000000000000 │ s7      │ 0x0000000000000000 │
│ s8      │ 0x0000000000000000 │ s9      │ 0x0000000000000000 │
│ s10     │ 0x0000000000000000 │ s11     │ 0x0000000000000000 │
│ t3      │ 0x0000000000000000 │ t4      │ 0x0000000000000000 │
│ t5      │ 0x0000000000000000 │ t6      │ 0x0000000000000000 │
└─────────┴────────────────────┴─────────┴────────────────────┘


*****************
fetch inst from pc : 88800010772
fetch inst success, raw_inst : ec6ef06a
inst debug : 
type : inst_sd, rs1 : 2, rs2 : 1a, rd : 0, imm : 20, rvc : 1, csr : 0, stop : 0
before exec : 
address to store : 8880208ef80
after exec : 

General Purpose Registers:
┌─────────┬────────────────────┬─────────┬────────────────────┐
│ zero    │ 0x0000000000000000 │ ra      │ 0x00000888000104b4 │
│ sp      │ 0x000008880208ef60 │ gp      │ 0x0000088800084098 │
│ tp      │ 0x0000000000000000 │ t0      │ 0x0000000000000000 │
│ t1      │ 0x0000000000000000 │ t2      │ 0x0000000000000000 │
│ s0      │ 0x0000000000000000 │ s1      │ 0x0000000000000000 │
│ a0      │ 0x00000888000104b6 │ a1      │ 0x0000000000000001 │
│ a2      │ 0x0000000000000008 │ a3      │ 0x0000000000000000 │
│ a4      │ 0x0000000000000002 │ a5      │ 0x0000000000000000 │
│ a6      │ 0x000008880208efe0 │ a7      │ 0x0000000000000000 │
│ s2      │ 0x0000000000000000 │ s3      │ 0x0000000000000000 │
│ s4      │ 0x0000000000000000 │ s5      │ 0x0000000000000000 │
│ s6      │ 0x0000000000000000 │ s7      │ 0x0000000000000000 │
│ s8      │ 0x0000000000000000 │ s9      │ 0x0000000000000000 │
│ s10     │ 0x0000000000000000 │ s11     │ 0x0000000000000000 │
│ t3      │ 0x0000000000000000 │ t4      │ 0x0000000000000000 │
│ t5      │ 0x0000000000000000 │ t6      │ 0x0000000000000000 │
└─────────┴────────────────────┴─────────┴────────────────────┘


*****************
fetch inst from pc : 88800010774
fetch inst success, raw_inst : 100ec6e
inst debug : 
type : inst_sd, rs1 : 2, rs2 : 1b, rd : 0, imm : 18, rvc : 1, csr : 0, stop : 0
before exec : 
address to store : 8880208ef78
after exec : 

General Purpose Registers:
┌─────────┬────────────────────┬─────────┬────────────────────┐
│ zero    │ 0x0000000000000000 │ ra      │ 0x00000888000104b4 │
│ sp      │ 0x000008880208ef60 │ gp      │ 0x0000088800084098 │
│ tp      │ 0x0000000000000000 │ t0      │ 0x0000000000000000 │
│ t1      │ 0x0000000000000000 │ t2      │ 0x0000000000000000 │
│ s0      │ 0x0000000000000000 │ s1      │ 0x0000000000000000 │
│ a0      │ 0x00000888000104b6 │ a1      │ 0x0000000000000001 │
│ a2      │ 0x0000000000000008 │ a3      │ 0x0000000000000000 │
│ a4      │ 0x0000000000000002 │ a5      │ 0x0000000000000000 │
│ a6      │ 0x000008880208efe0 │ a7      │ 0x0000000000000000 │
│ s2      │ 0x0000000000000000 │ s3      │ 0x0000000000000000 │
│ s4      │ 0x0000000000000000 │ s5      │ 0x0000000000000000 │
│ s6      │ 0x0000000000000000 │ s7      │ 0x0000000000000000 │
│ s8      │ 0x0000000000000000 │ s9      │ 0x0000000000000000 │
│ s10     │ 0x0000000000000000 │ s11     │ 0x0000000000000000 │
│ t3      │ 0x0000000000000000 │ t4      │ 0x0000000000000000 │
│ t5      │ 0x0000000000000000 │ t6      │ 0x0000000000000000 │
└─────────┴────────────────────┴─────────┴────────────────────┘


*****************
fetch inst from pc : 88800010776
fetch inst success, raw_inst : 70e0100
inst debug : 
type : inst_addi, rs1 : 0, rs2 : 0, rd : 8, imm : 80, rvc : 1, csr : 0, stop : 0
before exec : 
after exec : 

General Purpose Registers:
┌─────────┬────────────────────┬─────────┬────────────────────┐
│ zero    │ 0x0000000000000000 │ ra      │ 0x00000888000104b4 │
│ sp      │ 0x000008880208ef60 │ gp      │ 0x0000088800084098 │
│ tp      │ 0x0000000000000000 │ t0      │ 0x0000000000000000 │
│ t1      │ 0x0000000000000000 │ t2      │ 0x0000000000000000 │
│ s0      │ 0x0000000000000080 │ s1      │ 0x0000000000000000 │
│ a0      │ 0x00000888000104b6 │ a1      │ 0x0000000000000001 │
│ a2      │ 0x0000000000000008 │ a3      │ 0x0000000000000000 │
│ a4      │ 0x0000000000000002 │ a5      │ 0x0000000000000000 │
│ a6      │ 0x000008880208efe0 │ a7      │ 0x0000000000000000 │
│ s2      │ 0x0000000000000000 │ s3      │ 0x0000000000000000 │
│ s4      │ 0x0000000000000000 │ s5      │ 0x0000000000000000 │
│ s6      │ 0x0000000000000000 │ s7      │ 0x0000000000000000 │
│ s8      │ 0x0000000000000000 │ s9      │ 0x0000000000000000 │
│ s10     │ 0x0000000000000000 │ s11     │ 0x0000000000000000 │
│ t3      │ 0x0000000000000000 │ t4      │ 0x0000000000000000 │
│ t5      │ 0x0000000000000000 │ t6      │ 0x0000000000000000 │
└─────────┴────────────────────┴─────────┴────────────────────┘


*****************
fetch inst from pc : 88800010778
fetch inst success, raw_inst : 9732070e
inst debug : 
type : inst_slli, rs1 : e, rs2 : 0, rd : e, imm : 3, rvc : 1, csr : 0, stop : 0
before exec : 
after exec : 

General Purpose Registers:
┌─────────┬────────────────────┬─────────┬────────────────────┐
│ zero    │ 0x0000000000000000 │ ra      │ 0x00000888000104b4 │
│ sp      │ 0x000008880208ef60 │ gp      │ 0x0000088800084098 │
│ tp      │ 0x0000000000000000 │ t0      │ 0x0000000000000000 │
│ t1      │ 0x0000000000000000 │ t2      │ 0x0000000000000000 │
│ s0      │ 0x0000000000000080 │ s1      │ 0x0000000000000000 │
│ a0      │ 0x00000888000104b6 │ a1      │ 0x0000000000000001 │
│ a2      │ 0x0000000000000008 │ a3      │ 0x0000000000000000 │
│ a4      │ 0x0000000000000010 │ a5      │ 0x0000000000000000 │
│ a6      │ 0x000008880208efe0 │ a7      │ 0x0000000000000000 │
│ s2      │ 0x0000000000000000 │ s3      │ 0x0000000000000000 │
│ s4      │ 0x0000000000000000 │ s5      │ 0x0000000000000000 │
│ s6      │ 0x0000000000000000 │ s7      │ 0x0000000000000000 │
│ s8      │ 0x0000000000000000 │ s9      │ 0x0000000000000000 │
│ s10     │ 0x0000000000000000 │ s11     │ 0x0000000000000000 │
│ t3      │ 0x0000000000000000 │ t4      │ 0x0000000000000000 │
│ t5      │ 0x0000000000000000 │ t6      │ 0x0000000000000000 │
└─────────┴────────────────────┴─────────┴────────────────────┘


*****************
fetch inst from pc : 8880001077a
fetch inst success, raw_inst : 8b179732
inst debug : 
type : inst_add, rs1 : e, rs2 : c, rd : e, imm : 0, rvc : 1, csr : 0, stop : 0
before exec : 
after exec : 

General Purpose Registers:
┌─────────┬────────────────────┬─────────┬────────────────────┐
│ zero    │ 0x0000000000000000 │ ra      │ 0x00000888000104b4 │
│ sp      │ 0x000008880208ef60 │ gp      │ 0x0000088800084098 │
│ tp      │ 0x0000000000000000 │ t0      │ 0x0000000000000000 │
│ t1      │ 0x0000000000000000 │ t2      │ 0x0000000000000000 │
│ s0      │ 0x0000000000000080 │ s1      │ 0x0000000000000000 │
│ a0      │ 0x00000888000104b6 │ a1      │ 0x0000000000000001 │
│ a2      │ 0x0000000000000008 │ a3      │ 0x0000000000000000 │
│ a4      │ 0x0000000000000018 │ a5      │ 0x0000000000000000 │
│ a6      │ 0x000008880208efe0 │ a7      │ 0x0000000000000000 │
│ s2      │ 0x0000000000000000 │ s3      │ 0x0000000000000000 │
│ s4      │ 0x0000000000000000 │ s5      │ 0x0000000000000000 │
│ s6      │ 0x0000000000000000 │ s7      │ 0x0000000000000000 │
│ s8      │ 0x0000000000000000 │ s9      │ 0x0000000000000000 │
│ s10     │ 0x0000000000000000 │ s11     │ 0x0000000000000000 │
│ t3      │ 0x0000000000000000 │ t4      │ 0x0000000000000000 │
│ t5      │ 0x0000000000000000 │ t6      │ 0x0000000000000000 │
└─────────┴────────────────────┴─────────┴────────────────────┘


*****************
fetch inst from pc : 8880001077c
fetch inst success, raw_inst : 78b17
inst debug : 
type : inst_auipc, rs1 : 0, rs2 : 0, rd : 16, imm : 78000, rvc : 0, csr : 0, stop : 0
before exec : 
after exec : 

General Purpose Registers:
┌─────────┬────────────────────┬─────────┬────────────────────┐
│ zero    │ 0x0000000000000000 │ ra      │ 0x00000888000104b4 │
│ sp      │ 0x000008880208ef60 │ gp      │ 0x0000088800084098 │
│ tp      │ 0x0000000000000000 │ t0      │ 0x0000000000000000 │
│ t1      │ 0x0000000000000000 │ t2      │ 0x0000000000000000 │
│ s0      │ 0x0000000000000080 │ s1      │ 0x0000000000000000 │
│ a0      │ 0x00000888000104b6 │ a1      │ 0x0000000000000001 │
│ a2      │ 0x0000000000000008 │ a3      │ 0x0000000000000000 │
│ a4      │ 0x0000000000000018 │ a5      │ 0x0000000000000000 │
│ a6      │ 0x000008880208efe0 │ a7      │ 0x0000000000000000 │
│ s2      │ 0x0000000000000000 │ s3      │ 0x0000000000000000 │
│ s4      │ 0x0000000000000000 │ s5      │ 0x0000000000000000 │
│ s6      │ 0x000008880008877c │ s7      │ 0x0000000000000000 │
│ s8      │ 0x0000000000000000 │ s9      │ 0x0000000000000000 │
│ s10     │ 0x0000000000000000 │ s11     │ 0x0000000000000000 │
│ t3      │ 0x0000000000000000 │ t4      │ 0x0000000000000000 │
│ t5      │ 0x0000000000000000 │ t6      │ 0x0000000000000000 │
└─────────┴────────────────────┴─────────┴────────────────────┘


*****************
fetch inst from pc : 88800010780
fetch inst success, raw_inst : e3cb0b13
inst debug : 
type : inst_addi, rs1 : 16, rs2 : 0, rd : 16, imm : fffffe3c, rvc : 0, csr : 0, stop : 0
before exec : 
after exec : 

General Purpose Registers:
┌─────────┬────────────────────┬─────────┬────────────────────┐
│ zero    │ 0x0000000000000000 │ ra      │ 0x00000888000104b4 │
│ sp      │ 0x000008880208ef60 │ gp      │ 0x0000088800084098 │
│ tp      │ 0x0000000000000000 │ t0      │ 0x0000000000000000 │
│ t1      │ 0x0000000000000000 │ t2      │ 0x0000000000000000 │
│ s0      │ 0x0000000000000080 │ s1      │ 0x0000000000000000 │
│ a0      │ 0x00000888000104b6 │ a1      │ 0x0000000000000001 │
│ a2      │ 0x0000000000000008 │ a3      │ 0x0000000000000000 │
│ a4      │ 0x0000000000000018 │ a5      │ 0x0000000000000000 │
│ a6      │ 0x000008880208efe0 │ a7      │ 0x0000000000000000 │
│ s2      │ 0x0000000000000000 │ s3      │ 0x0000000000000000 │
│ s4      │ 0x0000000000000000 │ s5      │ 0x0000000000000000 │
│ s6      │ 0x00000888000885b8 │ s7      │ 0x0000000000000000 │
│ s8      │ 0x0000000000000000 │ s9      │ 0x0000000000000000 │
│ s10     │ 0x0000000000000000 │ s11     │ 0x0000000000000000 │
│ t3      │ 0x0000000000000000 │ t4      │ 0x0000000000000000 │
│ t5      │ 0x0000000000000000 │ t6      │ 0x0000000000000000 │
└─────────┴────────────────────┴─────────┴────────────────────┘


*****************
fetch inst from pc : 88800010784
fetch inst success, raw_inst : 892e8bbe
inst debug : 
type : inst_add, rs1 : 0, rs2 : f, rd : 17, imm : 0, rvc : 1, csr : 0, stop : 0
before exec : 
after exec : 

General Purpose Registers:
┌─────────┬────────────────────┬─────────┬────────────────────┐
│ zero    │ 0x0000000000000000 │ ra      │ 0x00000888000104b4 │
│ sp      │ 0x000008880208ef60 │ gp      │ 0x0000088800084098 │
│ tp      │ 0x0000000000000000 │ t0      │ 0x0000000000000000 │
│ t1      │ 0x0000000000000000 │ t2      │ 0x0000000000000000 │
│ s0      │ 0x0000000000000080 │ s1      │ 0x0000000000000000 │
│ a0      │ 0x00000888000104b6 │ a1      │ 0x0000000000000001 │
│ a2      │ 0x0000000000000008 │ a3      │ 0x0000000000000000 │
│ a4      │ 0x0000000000000018 │ a5      │ 0x0000000000000000 │
│ a6      │ 0x000008880208efe0 │ a7      │ 0x0000000000000000 │
│ s2      │ 0x0000000000000000 │ s3      │ 0x0000000000000000 │
│ s4      │ 0x0000000000000000 │ s5      │ 0x0000000000000000 │
│ s6      │ 0x00000888000885b8 │ s7      │ 0x0000000000000000 │
│ s8      │ 0x0000000000000000 │ s9      │ 0x0000000000000000 │
│ s10     │ 0x0000000000000000 │ s11     │ 0x0000000000000000 │
│ t3      │ 0x0000000000000000 │ t4      │ 0x0000000000000000 │
│ t5      │ 0x0000000000000000 │ t6      │ 0x0000000000000000 │
└─────────┴────────────────────┴─────────┴────────────────────┘


*****************
fetch inst from pc : 88800010786
fetch inst success, raw_inst : 89b2892e
inst debug : 
type : inst_add, rs1 : 0, rs2 : b, rd : 12, imm : 0, rvc : 1, csr : 0, stop : 0
before exec : 
after exec : 

General Purpose Registers:
┌─────────┬────────────────────┬─────────┬────────────────────┐
│ zero    │ 0x0000000000000000 │ ra      │ 0x00000888000104b4 │
│ sp      │ 0x000008880208ef60 │ gp      │ 0x0000088800084098 │
│ tp      │ 0x0000000000000000 │ t0      │ 0x0000000000000000 │
│ t1      │ 0x0000000000000000 │ t2      │ 0x0000000000000000 │
│ s0      │ 0x0000000000000080 │ s1      │ 0x0000000000000000 │
│ a0      │ 0x00000888000104b6 │ a1      │ 0x0000000000000001 │
│ a2      │ 0x0000000000000008 │ a3      │ 0x0000000000000000 │
│ a4      │ 0x0000000000000018 │ a5      │ 0x0000000000000000 │
│ a6      │ 0x000008880208efe0 │ a7      │ 0x0000000000000000 │
│ s2      │ 0x0000000000000001 │ s3      │ 0x0000000000000000 │
│ s4      │ 0x0000000000000000 │ s5      │ 0x0000000000000000 │
│ s6      │ 0x00000888000885b8 │ s7      │ 0x0000000000000000 │
│ s8      │ 0x0000000000000000 │ s9      │ 0x0000000000000000 │
│ s10     │ 0x0000000000000000 │ s11     │ 0x0000000000000000 │
│ t3      │ 0x0000000000000000 │ t4      │ 0x0000000000000000 │
│ t5      │ 0x0000000000000000 │ t6      │ 0x0000000000000000 │
└─────────┴────────────────────┴─────────┴────────────────────┘


*****************
fetch inst from pc : 88800010788
fetch inst success, raw_inst : 8c2a89b2
inst debug : 
type : inst_add, rs1 : 0, rs2 : c, rd : 13, imm : 0, rvc : 1, csr : 0, stop : 0
before exec : 
after exec : 

General Purpose Registers:
┌─────────┬────────────────────┬─────────┬────────────────────┐
│ zero    │ 0x0000000000000000 │ ra      │ 0x00000888000104b4 │
│ sp      │ 0x000008880208ef60 │ gp      │ 0x0000088800084098 │
│ tp      │ 0x0000000000000000 │ t0      │ 0x0000000000000000 │
│ t1      │ 0x0000000000000000 │ t2      │ 0x0000000000000000 │
│ s0      │ 0x0000000000000080 │ s1      │ 0x0000000000000000 │
│ a0      │ 0x00000888000104b6 │ a1      │ 0x0000000000000001 │
│ a2      │ 0x0000000000000008 │ a3      │ 0x0000000000000000 │
│ a4      │ 0x0000000000000018 │ a5      │ 0x0000000000000000 │
│ a6      │ 0x000008880208efe0 │ a7      │ 0x0000000000000000 │
│ s2      │ 0x0000000000000001 │ s3      │ 0x0000000000000008 │
│ s4      │ 0x0000000000000000 │ s5      │ 0x0000000000000000 │
│ s6      │ 0x00000888000885b8 │ s7      │ 0x0000000000000000 │
│ s8      │ 0x0000000000000000 │ s9      │ 0x0000000000000000 │
│ s10     │ 0x0000000000000000 │ s11     │ 0x0000000000000000 │
│ t3      │ 0x0000000000000000 │ t4      │ 0x0000000000000000 │
│ t5      │ 0x0000000000000000 │ t6      │ 0x0000000000000000 │
└─────────┴────────────────────┴─────────┴────────────────────┘


*****************
fetch inst from pc : 8880001078a
fetch inst success, raw_inst : 30238c2a
inst debug : 
type : inst_add, rs1 : 0, rs2 : a, rd : 18, imm : 0, rvc : 1, csr : 0, stop : 0
before exec : 
after exec : 

General Purpose Registers:
┌─────────┬────────────────────┬─────────┬────────────────────┐
│ zero    │ 0x0000000000000000 │ ra      │ 0x00000888000104b4 │
│ sp      │ 0x000008880208ef60 │ gp      │ 0x0000088800084098 │
│ tp      │ 0x0000000000000000 │ t0      │ 0x0000000000000000 │
│ t1      │ 0x0000000000000000 │ t2      │ 0x0000000000000000 │
│ s0      │ 0x0000000000000080 │ s1      │ 0x0000000000000000 │
│ a0      │ 0x00000888000104b6 │ a1      │ 0x0000000000000001 │
│ a2      │ 0x0000000000000008 │ a3      │ 0x0000000000000000 │
│ a4      │ 0x0000000000000018 │ a5      │ 0x0000000000000000 │
│ a6      │ 0x000008880208efe0 │ a7      │ 0x0000000000000000 │
│ s2      │ 0x0000000000000001 │ s3      │ 0x0000000000000008 │
│ s4      │ 0x0000000000000000 │ s5      │ 0x0000000000000000 │
│ s6      │ 0x00000888000885b8 │ s7      │ 0x0000000000000000 │
│ s8      │ 0x00000888000104b6 │ s9      │ 0x0000000000000000 │
│ s10     │ 0x0000000000000000 │ s11     │ 0x0000000000000000 │
│ t3      │ 0x0000000000000000 │ t4      │ 0x0000000000000000 │
│ t5      │ 0x0000000000000000 │ t6      │ 0x0000000000000000 │
└─────────┴────────────────────┴─────────┴────────────────────┘


*****************
fetch inst from pc : 8880001078c
fetch inst success, raw_inst : eb3023
inst debug : 
type : inst_sd, rs1 : 16, rs2 : e, rd : 0, imm : 0, rvc : 0, csr : 0, stop : 0
before exec : 
address to store : 888000885b8
after exec : 

General Purpose Registers:
┌─────────┬────────────────────┬─────────┬────────────────────┐
│ zero    │ 0x0000000000000000 │ ra      │ 0x00000888000104b4 │
│ sp      │ 0x000008880208ef60 │ gp      │ 0x0000088800084098 │
│ tp      │ 0x0000000000000000 │ t0      │ 0x0000000000000000 │
│ t1      │ 0x0000000000000000 │ t2      │ 0x0000000000000000 │
│ s0      │ 0x0000000000000080 │ s1      │ 0x0000000000000000 │
│ a0      │ 0x00000888000104b6 │ a1      │ 0x0000000000000001 │
│ a2      │ 0x0000000000000008 │ a3      │ 0x0000000000000000 │
│ a4      │ 0x0000000000000018 │ a5      │ 0x0000000000000000 │
│ a6      │ 0x000008880208efe0 │ a7      │ 0x0000000000000000 │
│ s2      │ 0x0000000000000001 │ s3      │ 0x0000000000000008 │
│ s4      │ 0x0000000000000000 │ s5      │ 0x0000000000000000 │
│ s6      │ 0x00000888000885b8 │ s7      │ 0x0000000000000000 │
│ s8      │ 0x00000888000104b6 │ s9      │ 0x0000000000000000 │
│ s10     │ 0x0000000000000000 │ s11     │ 0x0000000000000000 │
│ t3      │ 0x0000000000000000 │ t4      │ 0x0000000000000000 │
│ t5      │ 0x0000000000000000 │ t6      │ 0x0000000000000000 │
└─────────┴────────────────────┴─────────┴────────────────────┘


*****************
fetch inst from pc : 88800010790
fetch inst success, raw_inst : 70797
inst debug : 
type : inst_auipc, rs1 : 0, rs2 : 0, rd : f, imm : 70000, rvc : 0, csr : 0, stop : 0
before exec : 
after exec : 

General Purpose Registers:
┌─────────┬────────────────────┬─────────┬────────────────────┐
│ zero    │ 0x0000000000000000 │ ra      │ 0x00000888000104b4 │
│ sp      │ 0x000008880208ef60 │ gp      │ 0x0000088800084098 │
│ tp      │ 0x0000000000000000 │ t0      │ 0x0000000000000000 │
│ t1      │ 0x0000000000000000 │ t2      │ 0x0000000000000000 │
│ s0      │ 0x0000000000000080 │ s1      │ 0x0000000000000000 │
│ a0      │ 0x00000888000104b6 │ a1      │ 0x0000000000000001 │
│ a2      │ 0x0000000000000008 │ a3      │ 0x0000000000000000 │
│ a4      │ 0x0000000000000018 │ a5      │ 0x0000088800080790 │
│ a6      │ 0x000008880208efe0 │ a7      │ 0x0000000000000000 │
│ s2      │ 0x0000000000000001 │ s3      │ 0x0000000000000008 │
│ s4      │ 0x0000000000000000 │ s5      │ 0x0000000000000000 │
│ s6      │ 0x00000888000885b8 │ s7      │ 0x0000000000000000 │
│ s8      │ 0x00000888000104b6 │ s9      │ 0x0000000000000000 │
│ s10     │ 0x0000000000000000 │ s11     │ 0x0000000000000000 │
│ t3      │ 0x0000000000000000 │ t4      │ 0x0000000000000000 │
│ t5      │ 0x0000000000000000 │ t6      │ 0x0000000000000000 │
└─────────┴────────────────────┴─────────┴────────────────────┘


*****************
fetch inst from pc : 88800010794
fetch inst success, raw_inst : 6907b023
inst debmake: *** [Makefile:19: run] Segmentation fault (core dumped)
